
*** Running vivado
    with args -log processor.vds -m64 -product Vivado -mode batch -messageDb vivado.pb -notrace -source processor.tcl


ECHO is off.
ECHO is off.

****** Vivado v2023.2 (64-bit)
  **** SW Build 4029153 on Fri Oct 13 20:14:34 MDT 2023
  **** IP Build 4028589 on Sat Oct 14 00:45:43 MDT 2023
  **** SharedData Build 4025554 on Tue Oct 10 17:18:54 MDT 2023
    ** Copyright 1986-2022 Xilinx, Inc. All Rights Reserved.
    ** Copyright 2022-2023 Advanced Micro Devices, Inc. All Rights Reserved.

source processor.tcl -notrace
create_project: Time (s): cpu = 00:00:05 ; elapsed = 00:00:05 . Memory (MB): peak = 487.148 ; gain = 180.789
Command: synth_design -top processor -part xc7k70tfbv676-1
Starting synth_design
Attempting to get a license for feature 'Synthesis' and/or device 'xc7k70t'
INFO: [Common 17-349] Got license for feature 'Synthesis' and/or device 'xc7k70t'
INFO: [Synth 8-7079] Multithreading enabled for synth_design using a maximum of 2 processes.
INFO: [Synth 8-7078] Launching helper process for spawning children vivado processes
INFO: [Synth 8-7075] Helper process launched with PID 11052
---------------------------------------------------------------------------------
Starting Synthesize : Time (s): cpu = 00:00:04 ; elapsed = 00:00:04 . Memory (MB): peak = 932.266 ; gain = 442.145
---------------------------------------------------------------------------------
INFO: [Synth 8-11241] undeclared symbol 'dff_input', assumed default net type 'wire' [C:/Users/Musta/Documents/GitHub/RISCV_SIM/Base/Base.srcs/sources_1/new/dff_en_reset.v:15]
CRITICAL WARNING: [Synth 8-9339] data object 'clk' is already declared [C:/Users/Musta/Documents/GitHub/RISCV_SIM/Base/Base.srcs/sources_1/new/FSM_tb.v:31]
INFO: [Synth 8-6826] previous declaration of 'clk' is from here [C:/Users/Musta/Documents/GitHub/RISCV_SIM/Base/Base.srcs/sources_1/new/FSM_tb.v:27]
CRITICAL WARNING: [Synth 8-11152] second declaration of 'clk' is ignored [C:/Users/Musta/Documents/GitHub/RISCV_SIM/Base/Base.srcs/sources_1/new/FSM_tb.v:31]
INFO: [Synth 8-11241] undeclared symbol 'x', assumed default net type 'wire' [C:/Users/Musta/Documents/GitHub/RISCV_SIM/Base/Base.srcs/sources_1/new/FSM_tb.v:44]
INFO: [Synth 8-11241] undeclared symbol 'y', assumed default net type 'wire' [C:/Users/Musta/Documents/GitHub/RISCV_SIM/Base/Base.srcs/sources_1/new/FSM_tb.v:44]
INFO: [Synth 8-11241] undeclared symbol 'vert', assumed default net type 'wire' [C:/Users/Musta/Documents/GitHub/RISCV_SIM/Base/Base.srcs/sources_1/new/FSM_tb.v:44]
INFO: [Synth 8-11241] undeclared symbol 'hor', assumed default net type 'wire' [C:/Users/Musta/Documents/GitHub/RISCV_SIM/Base/Base.srcs/sources_1/new/FSM_tb.v:44]
INFO: [Synth 8-11241] undeclared symbol 'addout', assumed default net type 'wire' [C:/Users/Musta/Documents/GitHub/RISCV_SIM/Base/Base.srcs/sources_1/new/satadd.v:6]
INFO: [Synth 8-11241] undeclared symbol 'overflow', assumed default net type 'wire' [C:/Users/Musta/Documents/GitHub/RISCV_SIM/Base/Base.srcs/sources_1/new/satadd.v:6]
INFO: [Synth 8-6157] synthesizing module 'processor' [C:/Users/Musta/Documents/GitHub/RISCV_SIM/Base/Base.srcs/sources_1/new/processor.v:3]
INFO: [Synth 8-6157] synthesizing module 'memory' [C:/Users/Musta/Documents/GitHub/RISCV_SIM/Base/Base.srcs/sources_1/new/memory.v:3]
INFO: [Synth 8-155] case statement is not full and has no default [C:/Users/Musta/Documents/GitHub/RISCV_SIM/Base/Base.srcs/sources_1/new/memory.v:40]
INFO: [Synth 8-155] case statement is not full and has no default [C:/Users/Musta/Documents/GitHub/RISCV_SIM/Base/Base.srcs/sources_1/new/memory.v:52]
INFO: [Synth 8-6155] done synthesizing module 'memory' (0#1) [C:/Users/Musta/Documents/GitHub/RISCV_SIM/Base/Base.srcs/sources_1/new/memory.v:3]
INFO: [Synth 8-6157] synthesizing module 'reg32_en_reset' [C:/Users/Musta/Documents/GitHub/RISCV_SIM/Base/Base.srcs/sources_1/new/reg32_en_reset.v:3]
INFO: [Synth 8-6157] synthesizing module 'dff_en_reset' [C:/Users/Musta/Documents/GitHub/RISCV_SIM/Base/Base.srcs/sources_1/new/dff_en_reset.v:3]
INFO: [Synth 8-6157] synthesizing module 'mux2' [C:/Users/Musta/Documents/GitHub/RISCV_SIM/Base/Base.srcs/sources_1/new/mux2.v:3]
INFO: [Synth 8-6157] synthesizing module 'inv1$' [C:/Users/Musta/Documents/GitHub/RISCV_SIM/Base/Base.srcs/sources_1/new/libs.v:254]
INFO: [Synth 8-6155] done synthesizing module 'inv1$' (0#1) [C:/Users/Musta/Documents/GitHub/RISCV_SIM/Base/Base.srcs/sources_1/new/libs.v:254]
INFO: [Synth 8-6157] synthesizing module 'and2$' [C:/Users/Musta/Documents/GitHub/RISCV_SIM/Base/Base.srcs/sources_1/new/libs.v:77]
INFO: [Synth 8-6155] done synthesizing module 'and2$' (0#1) [C:/Users/Musta/Documents/GitHub/RISCV_SIM/Base/Base.srcs/sources_1/new/libs.v:77]
INFO: [Synth 8-6157] synthesizing module 'or2$' [C:/Users/Musta/Documents/GitHub/RISCV_SIM/Base/Base.srcs/sources_1/new/libs.v:171]
INFO: [Synth 8-6155] done synthesizing module 'or2$' (0#1) [C:/Users/Musta/Documents/GitHub/RISCV_SIM/Base/Base.srcs/sources_1/new/libs.v:171]
INFO: [Synth 8-6155] done synthesizing module 'mux2' (0#1) [C:/Users/Musta/Documents/GitHub/RISCV_SIM/Base/Base.srcs/sources_1/new/mux2.v:3]
INFO: [Synth 8-6157] synthesizing module 'dff_reset' [C:/Users/Musta/Documents/GitHub/RISCV_SIM/Base/Base.srcs/sources_1/new/dff_reset.v:3]
INFO: [Synth 8-6157] synthesizing module 'dlatch' [C:/Users/Musta/Documents/GitHub/RISCV_SIM/Base/Base.srcs/sources_1/new/dlatch.v:3]
INFO: [Synth 8-6157] synthesizing module 'nand2$' [C:/Users/Musta/Documents/GitHub/RISCV_SIM/Base/Base.srcs/sources_1/new/libs.v:29]
INFO: [Synth 8-6155] done synthesizing module 'nand2$' (0#1) [C:/Users/Musta/Documents/GitHub/RISCV_SIM/Base/Base.srcs/sources_1/new/libs.v:29]
INFO: [Synth 8-6155] done synthesizing module 'dlatch' (0#1) [C:/Users/Musta/Documents/GitHub/RISCV_SIM/Base/Base.srcs/sources_1/new/dlatch.v:3]
INFO: [Synth 8-6155] done synthesizing module 'dff_reset' (0#1) [C:/Users/Musta/Documents/GitHub/RISCV_SIM/Base/Base.srcs/sources_1/new/dff_reset.v:3]
INFO: [Synth 8-6155] done synthesizing module 'dff_en_reset' (0#1) [C:/Users/Musta/Documents/GitHub/RISCV_SIM/Base/Base.srcs/sources_1/new/dff_en_reset.v:3]
INFO: [Synth 8-6155] done synthesizing module 'reg32_en_reset' (0#1) [C:/Users/Musta/Documents/GitHub/RISCV_SIM/Base/Base.srcs/sources_1/new/reg32_en_reset.v:3]
INFO: [Synth 8-6157] synthesizing module 'adder' [C:/Users/Musta/Documents/GitHub/RISCV_SIM/Base/Base.srcs/sources_1/new/adder.v:3]
INFO: [Synth 8-6157] synthesizing module 'eightbitadder' [C:/Users/Musta/Documents/GitHub/RISCV_SIM/Base/Base.srcs/sources_1/new/eightbitadder.v:3]
INFO: [Synth 8-6157] synthesizing module 'xor2$' [C:/Users/Musta/Documents/GitHub/RISCV_SIM/Base/Base.srcs/sources_1/new/libs.v:221]
INFO: [Synth 8-6155] done synthesizing module 'xor2$' (0#1) [C:/Users/Musta/Documents/GitHub/RISCV_SIM/Base/Base.srcs/sources_1/new/libs.v:221]
INFO: [Synth 8-6157] synthesizing module 'and3$' [C:/Users/Musta/Documents/GitHub/RISCV_SIM/Base/Base.srcs/sources_1/new/libs.v:91]
INFO: [Synth 8-6155] done synthesizing module 'and3$' (0#1) [C:/Users/Musta/Documents/GitHub/RISCV_SIM/Base/Base.srcs/sources_1/new/libs.v:91]
INFO: [Synth 8-6157] synthesizing module 'or3$' [C:/Users/Musta/Documents/GitHub/RISCV_SIM/Base/Base.srcs/sources_1/new/libs.v:187]
INFO: [Synth 8-6155] done synthesizing module 'or3$' (0#1) [C:/Users/Musta/Documents/GitHub/RISCV_SIM/Base/Base.srcs/sources_1/new/libs.v:187]
INFO: [Synth 8-6157] synthesizing module 'and4$' [C:/Users/Musta/Documents/GitHub/RISCV_SIM/Base/Base.srcs/sources_1/new/libs.v:106]
INFO: [Synth 8-6155] done synthesizing module 'and4$' (0#1) [C:/Users/Musta/Documents/GitHub/RISCV_SIM/Base/Base.srcs/sources_1/new/libs.v:106]
INFO: [Synth 8-6157] synthesizing module 'or4$' [C:/Users/Musta/Documents/GitHub/RISCV_SIM/Base/Base.srcs/sources_1/new/libs.v:202]
INFO: [Synth 8-6155] done synthesizing module 'or4$' (0#1) [C:/Users/Musta/Documents/GitHub/RISCV_SIM/Base/Base.srcs/sources_1/new/libs.v:202]
INFO: [Synth 8-6157] synthesizing module 'and5' [C:/Users/Musta/Documents/GitHub/RISCV_SIM/Base/Base.srcs/sources_1/new/ands.v:1]
INFO: [Synth 8-6157] synthesizing module 'and6' [C:/Users/Musta/Documents/GitHub/RISCV_SIM/Base/Base.srcs/sources_1/new/ands.v:10]
INFO: [Synth 8-6157] synthesizing module 'nand3$' [C:/Users/Musta/Documents/GitHub/RISCV_SIM/Base/Base.srcs/sources_1/new/libs.v:43]
INFO: [Synth 8-6155] done synthesizing module 'nand3$' (0#1) [C:/Users/Musta/Documents/GitHub/RISCV_SIM/Base/Base.srcs/sources_1/new/libs.v:43]
INFO: [Synth 8-6157] synthesizing module 'nor2$' [C:/Users/Musta/Documents/GitHub/RISCV_SIM/Base/Base.srcs/sources_1/new/libs.v:125]
INFO: [Synth 8-6155] done synthesizing module 'nor2$' (0#1) [C:/Users/Musta/Documents/GitHub/RISCV_SIM/Base/Base.srcs/sources_1/new/libs.v:125]
INFO: [Synth 8-6155] done synthesizing module 'and6' (0#1) [C:/Users/Musta/Documents/GitHub/RISCV_SIM/Base/Base.srcs/sources_1/new/ands.v:10]
INFO: [Synth 8-6155] done synthesizing module 'and5' (0#1) [C:/Users/Musta/Documents/GitHub/RISCV_SIM/Base/Base.srcs/sources_1/new/ands.v:1]
INFO: [Synth 8-6157] synthesizing module 'or5' [C:/Users/Musta/Documents/GitHub/RISCV_SIM/Base/Base.srcs/sources_1/new/ors.v:1]
INFO: [Synth 8-6157] synthesizing module 'or6' [C:/Users/Musta/Documents/GitHub/RISCV_SIM/Base/Base.srcs/sources_1/new/ors.v:10]
INFO: [Synth 8-6157] synthesizing module 'nor3$' [C:/Users/Musta/Documents/GitHub/RISCV_SIM/Base/Base.srcs/sources_1/new/libs.v:139]
INFO: [Synth 8-6155] done synthesizing module 'nor3$' (0#1) [C:/Users/Musta/Documents/GitHub/RISCV_SIM/Base/Base.srcs/sources_1/new/libs.v:139]
INFO: [Synth 8-6155] done synthesizing module 'or6' (0#1) [C:/Users/Musta/Documents/GitHub/RISCV_SIM/Base/Base.srcs/sources_1/new/ors.v:10]
INFO: [Synth 8-6155] done synthesizing module 'or5' (0#1) [C:/Users/Musta/Documents/GitHub/RISCV_SIM/Base/Base.srcs/sources_1/new/ors.v:1]
INFO: [Synth 8-6157] synthesizing module 'and7' [C:/Users/Musta/Documents/GitHub/RISCV_SIM/Base/Base.srcs/sources_1/new/ands.v:24]
INFO: [Synth 8-6157] synthesizing module 'and9' [C:/Users/Musta/Documents/GitHub/RISCV_SIM/Base/Base.srcs/sources_1/new/ands.v:43]
INFO: [Synth 8-6155] done synthesizing module 'and9' (0#1) [C:/Users/Musta/Documents/GitHub/RISCV_SIM/Base/Base.srcs/sources_1/new/ands.v:43]
INFO: [Synth 8-6155] done synthesizing module 'and7' (0#1) [C:/Users/Musta/Documents/GitHub/RISCV_SIM/Base/Base.srcs/sources_1/new/ands.v:24]
INFO: [Synth 8-6157] synthesizing module 'or7' [C:/Users/Musta/Documents/GitHub/RISCV_SIM/Base/Base.srcs/sources_1/new/ors.v:24]
INFO: [Synth 8-6157] synthesizing module 'or9' [C:/Users/Musta/Documents/GitHub/RISCV_SIM/Base/Base.srcs/sources_1/new/ors.v:43]
INFO: [Synth 8-6155] done synthesizing module 'or9' (0#1) [C:/Users/Musta/Documents/GitHub/RISCV_SIM/Base/Base.srcs/sources_1/new/ors.v:43]
INFO: [Synth 8-6155] done synthesizing module 'or7' (0#1) [C:/Users/Musta/Documents/GitHub/RISCV_SIM/Base/Base.srcs/sources_1/new/ors.v:24]
INFO: [Synth 8-6157] synthesizing module 'and8' [C:/Users/Musta/Documents/GitHub/RISCV_SIM/Base/Base.srcs/sources_1/new/ands.v:33]
INFO: [Synth 8-6155] done synthesizing module 'and8' (0#1) [C:/Users/Musta/Documents/GitHub/RISCV_SIM/Base/Base.srcs/sources_1/new/ands.v:33]
INFO: [Synth 8-6157] synthesizing module 'or8' [C:/Users/Musta/Documents/GitHub/RISCV_SIM/Base/Base.srcs/sources_1/new/ors.v:33]
INFO: [Synth 8-6155] done synthesizing module 'or8' (0#1) [C:/Users/Musta/Documents/GitHub/RISCV_SIM/Base/Base.srcs/sources_1/new/ors.v:33]
INFO: [Synth 8-6155] done synthesizing module 'eightbitadder' (0#1) [C:/Users/Musta/Documents/GitHub/RISCV_SIM/Base/Base.srcs/sources_1/new/eightbitadder.v:3]
INFO: [Synth 8-6155] done synthesizing module 'adder' (0#1) [C:/Users/Musta/Documents/GitHub/RISCV_SIM/Base/Base.srcs/sources_1/new/adder.v:3]
WARNING: [Synth 8-7071] port 'Cout' of module 'adder' is unconnected for instance 'Adder1' [C:/Users/Musta/Documents/GitHub/RISCV_SIM/Base/Base.srcs/sources_1/new/processor.v:44]
WARNING: [Synth 8-7023] instance 'Adder1' of module 'adder' has 5 connections declared, but only 4 given [C:/Users/Musta/Documents/GitHub/RISCV_SIM/Base/Base.srcs/sources_1/new/processor.v:44]
INFO: [Synth 8-6157] synthesizing module 'mux2_32bit' [C:/Users/Musta/Documents/GitHub/RISCV_SIM/Base/Base.srcs/sources_1/new/mux2_32bit.v:3]
INFO: [Synth 8-6155] done synthesizing module 'mux2_32bit' (0#1) [C:/Users/Musta/Documents/GitHub/RISCV_SIM/Base/Base.srcs/sources_1/new/mux2_32bit.v:3]
INFO: [Synth 8-6157] synthesizing module 'reg32_en' [C:/Users/Musta/Documents/GitHub/RISCV_SIM/Base/Base.srcs/sources_1/new/reg32_en.v:3]
INFO: [Synth 8-6157] synthesizing module 'dff_en' [C:/Users/Musta/Documents/GitHub/RISCV_SIM/Base/Base.srcs/sources_1/new/dff_en.v:3]
INFO: [Synth 8-6155] done synthesizing module 'dff_en' (0#1) [C:/Users/Musta/Documents/GitHub/RISCV_SIM/Base/Base.srcs/sources_1/new/dff_en.v:3]
INFO: [Synth 8-6155] done synthesizing module 'reg32_en' (0#1) [C:/Users/Musta/Documents/GitHub/RISCV_SIM/Base/Base.srcs/sources_1/new/reg32_en.v:3]
INFO: [Synth 8-6157] synthesizing module 'immediatevaluebuilder' [C:/Users/Musta/Documents/GitHub/RISCV_SIM/Base/Base.srcs/sources_1/new/immediatevaluebuilder.v:3]
INFO: [Synth 8-6157] synthesizing module 'mux4_32bit' [C:/Users/Musta/Documents/GitHub/RISCV_SIM/Base/Base.srcs/sources_1/new/mux4_32bit.v:3]
INFO: [Synth 8-6157] synthesizing module 'mux4' [C:/Users/Musta/Documents/GitHub/RISCV_SIM/Base/Base.srcs/sources_1/new/mux4.v:3]
INFO: [Synth 8-6155] done synthesizing module 'mux4' (0#1) [C:/Users/Musta/Documents/GitHub/RISCV_SIM/Base/Base.srcs/sources_1/new/mux4.v:3]
INFO: [Synth 8-6155] done synthesizing module 'mux4_32bit' (0#1) [C:/Users/Musta/Documents/GitHub/RISCV_SIM/Base/Base.srcs/sources_1/new/mux4_32bit.v:3]
INFO: [Synth 8-6155] done synthesizing module 'immediatevaluebuilder' (0#1) [C:/Users/Musta/Documents/GitHub/RISCV_SIM/Base/Base.srcs/sources_1/new/immediatevaluebuilder.v:3]
INFO: [Synth 8-6157] synthesizing module 'registerfile' [C:/Users/Musta/Documents/GitHub/RISCV_SIM/Base/Base.srcs/sources_1/new/registerfile.v:3]
WARNING: [Synth 8-689] width (32) of port connection 'reset' does not match port width (1) of module 'reg32_en_reset' [C:/Users/Musta/Documents/GitHub/RISCV_SIM/Base/Base.srcs/sources_1/new/registerfile.v:66]
WARNING: [Synth 8-689] width (32) of port connection 'reset' does not match port width (1) of module 'reg32_en_reset' [C:/Users/Musta/Documents/GitHub/RISCV_SIM/Base/Base.srcs/sources_1/new/registerfile.v:67]
WARNING: [Synth 8-689] width (32) of port connection 'reset' does not match port width (1) of module 'reg32_en_reset' [C:/Users/Musta/Documents/GitHub/RISCV_SIM/Base/Base.srcs/sources_1/new/registerfile.v:68]
WARNING: [Synth 8-689] width (32) of port connection 'reset' does not match port width (1) of module 'reg32_en_reset' [C:/Users/Musta/Documents/GitHub/RISCV_SIM/Base/Base.srcs/sources_1/new/registerfile.v:69]
WARNING: [Synth 8-689] width (32) of port connection 'reset' does not match port width (1) of module 'reg32_en_reset' [C:/Users/Musta/Documents/GitHub/RISCV_SIM/Base/Base.srcs/sources_1/new/registerfile.v:70]
WARNING: [Synth 8-689] width (32) of port connection 'reset' does not match port width (1) of module 'reg32_en_reset' [C:/Users/Musta/Documents/GitHub/RISCV_SIM/Base/Base.srcs/sources_1/new/registerfile.v:71]
WARNING: [Synth 8-689] width (32) of port connection 'reset' does not match port width (1) of module 'reg32_en_reset' [C:/Users/Musta/Documents/GitHub/RISCV_SIM/Base/Base.srcs/sources_1/new/registerfile.v:72]
WARNING: [Synth 8-689] width (32) of port connection 'reset' does not match port width (1) of module 'reg32_en_reset' [C:/Users/Musta/Documents/GitHub/RISCV_SIM/Base/Base.srcs/sources_1/new/registerfile.v:73]
WARNING: [Synth 8-689] width (32) of port connection 'reset' does not match port width (1) of module 'reg32_en_reset' [C:/Users/Musta/Documents/GitHub/RISCV_SIM/Base/Base.srcs/sources_1/new/registerfile.v:74]
WARNING: [Synth 8-689] width (32) of port connection 'reset' does not match port width (1) of module 'reg32_en_reset' [C:/Users/Musta/Documents/GitHub/RISCV_SIM/Base/Base.srcs/sources_1/new/registerfile.v:75]
WARNING: [Synth 8-689] width (32) of port connection 'reset' does not match port width (1) of module 'reg32_en_reset' [C:/Users/Musta/Documents/GitHub/RISCV_SIM/Base/Base.srcs/sources_1/new/registerfile.v:76]
WARNING: [Synth 8-689] width (32) of port connection 'reset' does not match port width (1) of module 'reg32_en_reset' [C:/Users/Musta/Documents/GitHub/RISCV_SIM/Base/Base.srcs/sources_1/new/registerfile.v:77]
WARNING: [Synth 8-689] width (32) of port connection 'reset' does not match port width (1) of module 'reg32_en_reset' [C:/Users/Musta/Documents/GitHub/RISCV_SIM/Base/Base.srcs/sources_1/new/registerfile.v:78]
WARNING: [Synth 8-689] width (32) of port connection 'reset' does not match port width (1) of module 'reg32_en_reset' [C:/Users/Musta/Documents/GitHub/RISCV_SIM/Base/Base.srcs/sources_1/new/registerfile.v:79]
WARNING: [Synth 8-689] width (32) of port connection 'reset' does not match port width (1) of module 'reg32_en_reset' [C:/Users/Musta/Documents/GitHub/RISCV_SIM/Base/Base.srcs/sources_1/new/registerfile.v:80]
WARNING: [Synth 8-689] width (32) of port connection 'reset' does not match port width (1) of module 'reg32_en_reset' [C:/Users/Musta/Documents/GitHub/RISCV_SIM/Base/Base.srcs/sources_1/new/registerfile.v:81]
WARNING: [Synth 8-689] width (32) of port connection 'reset' does not match port width (1) of module 'reg32_en_reset' [C:/Users/Musta/Documents/GitHub/RISCV_SIM/Base/Base.srcs/sources_1/new/registerfile.v:82]
WARNING: [Synth 8-689] width (32) of port connection 'reset' does not match port width (1) of module 'reg32_en_reset' [C:/Users/Musta/Documents/GitHub/RISCV_SIM/Base/Base.srcs/sources_1/new/registerfile.v:83]
WARNING: [Synth 8-689] width (32) of port connection 'reset' does not match port width (1) of module 'reg32_en_reset' [C:/Users/Musta/Documents/GitHub/RISCV_SIM/Base/Base.srcs/sources_1/new/registerfile.v:84]
WARNING: [Synth 8-689] width (32) of port connection 'reset' does not match port width (1) of module 'reg32_en_reset' [C:/Users/Musta/Documents/GitHub/RISCV_SIM/Base/Base.srcs/sources_1/new/registerfile.v:85]
WARNING: [Synth 8-689] width (32) of port connection 'reset' does not match port width (1) of module 'reg32_en_reset' [C:/Users/Musta/Documents/GitHub/RISCV_SIM/Base/Base.srcs/sources_1/new/registerfile.v:86]
WARNING: [Synth 8-689] width (32) of port connection 'reset' does not match port width (1) of module 'reg32_en_reset' [C:/Users/Musta/Documents/GitHub/RISCV_SIM/Base/Base.srcs/sources_1/new/registerfile.v:87]
WARNING: [Synth 8-689] width (32) of port connection 'reset' does not match port width (1) of module 'reg32_en_reset' [C:/Users/Musta/Documents/GitHub/RISCV_SIM/Base/Base.srcs/sources_1/new/registerfile.v:88]
WARNING: [Synth 8-689] width (32) of port connection 'reset' does not match port width (1) of module 'reg32_en_reset' [C:/Users/Musta/Documents/GitHub/RISCV_SIM/Base/Base.srcs/sources_1/new/registerfile.v:89]
WARNING: [Synth 8-689] width (32) of port connection 'reset' does not match port width (1) of module 'reg32_en_reset' [C:/Users/Musta/Documents/GitHub/RISCV_SIM/Base/Base.srcs/sources_1/new/registerfile.v:90]
WARNING: [Synth 8-689] width (32) of port connection 'reset' does not match port width (1) of module 'reg32_en_reset' [C:/Users/Musta/Documents/GitHub/RISCV_SIM/Base/Base.srcs/sources_1/new/registerfile.v:91]
WARNING: [Synth 8-689] width (32) of port connection 'reset' does not match port width (1) of module 'reg32_en_reset' [C:/Users/Musta/Documents/GitHub/RISCV_SIM/Base/Base.srcs/sources_1/new/registerfile.v:92]
WARNING: [Synth 8-689] width (32) of port connection 'reset' does not match port width (1) of module 'reg32_en_reset' [C:/Users/Musta/Documents/GitHub/RISCV_SIM/Base/Base.srcs/sources_1/new/registerfile.v:93]
WARNING: [Synth 8-689] width (32) of port connection 'reset' does not match port width (1) of module 'reg32_en_reset' [C:/Users/Musta/Documents/GitHub/RISCV_SIM/Base/Base.srcs/sources_1/new/registerfile.v:94]
WARNING: [Synth 8-689] width (32) of port connection 'reset' does not match port width (1) of module 'reg32_en_reset' [C:/Users/Musta/Documents/GitHub/RISCV_SIM/Base/Base.srcs/sources_1/new/registerfile.v:95]
WARNING: [Synth 8-689] width (32) of port connection 'reset' does not match port width (1) of module 'reg32_en_reset' [C:/Users/Musta/Documents/GitHub/RISCV_SIM/Base/Base.srcs/sources_1/new/registerfile.v:96]
WARNING: [Synth 8-689] width (32) of port connection 'reset' does not match port width (1) of module 'reg32_en_reset' [C:/Users/Musta/Documents/GitHub/RISCV_SIM/Base/Base.srcs/sources_1/new/registerfile.v:97]
INFO: [Synth 8-6157] synthesizing module 'mux32_32bit' [C:/Users/Musta/Documents/GitHub/RISCV_SIM/Base/Base.srcs/sources_1/new/mux32_32bit.v:3]
INFO: [Synth 8-6155] done synthesizing module 'mux32_32bit' (0#1) [C:/Users/Musta/Documents/GitHub/RISCV_SIM/Base/Base.srcs/sources_1/new/mux32_32bit.v:3]
INFO: [Synth 8-6157] synthesizing module 'fivebitcomparator' [C:/Users/Musta/Documents/GitHub/RISCV_SIM/Base/Base.srcs/sources_1/new/fivebitcomparator.v:3]
INFO: [Synth 8-6155] done synthesizing module 'fivebitcomparator' (0#1) [C:/Users/Musta/Documents/GitHub/RISCV_SIM/Base/Base.srcs/sources_1/new/fivebitcomparator.v:3]
INFO: [Synth 8-6155] done synthesizing module 'registerfile' (0#1) [C:/Users/Musta/Documents/GitHub/RISCV_SIM/Base/Base.srcs/sources_1/new/registerfile.v:3]
WARNING: [Synth 8-689] width (1) of port connection 'reset' does not match port width (32) of module 'registerfile' [C:/Users/Musta/Documents/GitHub/RISCV_SIM/Base/Base.srcs/sources_1/new/processor.v:66]
WARNING: [Synth 8-6104] Input port 'reset' has an internal driver [C:/Users/Musta/Documents/GitHub/RISCV_SIM/Base/Base.srcs/sources_1/new/processor.v:66]
INFO: [Synth 8-6157] synthesizing module 'controlstore' [C:/Users/Musta/Documents/GitHub/RISCV_SIM/Base/Base.srcs/sources_1/new/controlstore.v:3]
INFO: [Synth 8-6157] synthesizing module 'mux8_32bit' [C:/Users/Musta/Documents/GitHub/RISCV_SIM/Base/Base.srcs/sources_1/new/mux8_32bit.v:3]
INFO: [Synth 8-6155] done synthesizing module 'mux8_32bit' (0#1) [C:/Users/Musta/Documents/GitHub/RISCV_SIM/Base/Base.srcs/sources_1/new/mux8_32bit.v:3]
INFO: [Synth 8-6157] synthesizing module 'mux16_32bit' [C:/Users/Musta/Documents/GitHub/RISCV_SIM/Base/Base.srcs/sources_1/new/mux16_32bit.v:3]
INFO: [Synth 8-6155] done synthesizing module 'mux16_32bit' (0#1) [C:/Users/Musta/Documents/GitHub/RISCV_SIM/Base/Base.srcs/sources_1/new/mux16_32bit.v:3]
INFO: [Synth 8-6155] done synthesizing module 'controlstore' (0#1) [C:/Users/Musta/Documents/GitHub/RISCV_SIM/Base/Base.srcs/sources_1/new/controlstore.v:3]
WARNING: [Synth 8-7071] port 'Cout' of module 'adder' is unconnected for instance 'Adder2' [C:/Users/Musta/Documents/GitHub/RISCV_SIM/Base/Base.srcs/sources_1/new/processor.v:111]
WARNING: [Synth 8-7023] instance 'Adder2' of module 'adder' has 5 connections declared, but only 4 given [C:/Users/Musta/Documents/GitHub/RISCV_SIM/Base/Base.srcs/sources_1/new/processor.v:111]
INFO: [Synth 8-6157] synthesizing module 'ALU' [C:/Users/Musta/Documents/GitHub/RISCV_SIM/Base/Base.srcs/sources_1/new/ALU.v:3]
WARNING: [Synth 8-7071] port 'Cout' of module 'adder' is unconnected for instance 'Adder' [C:/Users/Musta/Documents/GitHub/RISCV_SIM/Base/Base.srcs/sources_1/new/ALU.v:32]
WARNING: [Synth 8-7023] instance 'Adder' of module 'adder' has 5 connections declared, but only 4 given [C:/Users/Musta/Documents/GitHub/RISCV_SIM/Base/Base.srcs/sources_1/new/ALU.v:32]
INFO: [Synth 8-6157] synthesizing module 'shifter' [C:/Users/Musta/Documents/GitHub/RISCV_SIM/Base/Base.srcs/sources_1/new/shifter.v:3]
INFO: [Synth 8-6157] synthesizing module 'logicalrightshifter' [C:/Users/Musta/Documents/GitHub/RISCV_SIM/Base/Base.srcs/sources_1/new/logicalrightshifter.v:3]
INFO: [Synth 8-6155] done synthesizing module 'logicalrightshifter' (0#1) [C:/Users/Musta/Documents/GitHub/RISCV_SIM/Base/Base.srcs/sources_1/new/logicalrightshifter.v:3]
INFO: [Synth 8-6157] synthesizing module 'arithmeticrightshifter' [C:/Users/Musta/Documents/GitHub/RISCV_SIM/Base/Base.srcs/sources_1/new/arithmeticrightshifter.v:3]
INFO: [Synth 8-6155] done synthesizing module 'arithmeticrightshifter' (0#1) [C:/Users/Musta/Documents/GitHub/RISCV_SIM/Base/Base.srcs/sources_1/new/arithmeticrightshifter.v:3]
INFO: [Synth 8-6157] synthesizing module 'logicalleftshifter' [C:/Users/Musta/Documents/GitHub/RISCV_SIM/Base/Base.srcs/sources_1/new/logicalleftshifter.v:3]
INFO: [Synth 8-6155] done synthesizing module 'logicalleftshifter' (0#1) [C:/Users/Musta/Documents/GitHub/RISCV_SIM/Base/Base.srcs/sources_1/new/logicalleftshifter.v:3]
INFO: [Synth 8-6155] done synthesizing module 'shifter' (0#1) [C:/Users/Musta/Documents/GitHub/RISCV_SIM/Base/Base.srcs/sources_1/new/shifter.v:3]
INFO: [Synth 8-6157] synthesizing module 'signedcomparator_32bit' [C:/Users/Musta/Documents/GitHub/RISCV_SIM/Base/Base.srcs/sources_1/new/signedcomparator_32bit.v:3]
INFO: [Synth 8-6157] synthesizing module 'comparatorblock' [C:/Users/Musta/Documents/GitHub/RISCV_SIM/Base/Base.srcs/sources_1/new/comparatorblock.v:3]
INFO: [Synth 8-6155] done synthesizing module 'comparatorblock' (0#1) [C:/Users/Musta/Documents/GitHub/RISCV_SIM/Base/Base.srcs/sources_1/new/comparatorblock.v:3]
INFO: [Synth 8-6155] done synthesizing module 'signedcomparator_32bit' (0#1) [C:/Users/Musta/Documents/GitHub/RISCV_SIM/Base/Base.srcs/sources_1/new/signedcomparator_32bit.v:3]
INFO: [Synth 8-6157] synthesizing module 'unsignedcomparator_32bit' [C:/Users/Musta/Documents/GitHub/RISCV_SIM/Base/Base.srcs/sources_1/new/unsignedcomparator_32bit.v:3]
INFO: [Synth 8-6155] done synthesizing module 'unsignedcomparator_32bit' (0#1) [C:/Users/Musta/Documents/GitHub/RISCV_SIM/Base/Base.srcs/sources_1/new/unsignedcomparator_32bit.v:3]
INFO: [Synth 8-6157] synthesizing module 'logicunit' [C:/Users/Musta/Documents/GitHub/RISCV_SIM/Base/Base.srcs/sources_1/new/logicunit.v:3]
INFO: [Synth 8-6155] done synthesizing module 'logicunit' (0#1) [C:/Users/Musta/Documents/GitHub/RISCV_SIM/Base/Base.srcs/sources_1/new/logicunit.v:3]
INFO: [Synth 8-6157] synthesizing module 'multiplier' [C:/Users/Musta/Documents/GitHub/RISCV_SIM/Base/Base.srcs/sources_1/new/multiplier.v:3]
INFO: [Synth 8-6155] done synthesizing module 'multiplier' (0#1) [C:/Users/Musta/Documents/GitHub/RISCV_SIM/Base/Base.srcs/sources_1/new/multiplier.v:3]
INFO: [Synth 8-6157] synthesizing module 'divider' [C:/Users/Musta/Documents/GitHub/RISCV_SIM/Base/Base.srcs/sources_1/new/divider.v:3]
INFO: [Synth 8-6155] done synthesizing module 'divider' (0#1) [C:/Users/Musta/Documents/GitHub/RISCV_SIM/Base/Base.srcs/sources_1/new/divider.v:3]
INFO: [Synth 8-6155] done synthesizing module 'ALU' (0#1) [C:/Users/Musta/Documents/GitHub/RISCV_SIM/Base/Base.srcs/sources_1/new/ALU.v:3]
INFO: [Synth 8-6157] synthesizing module 'branchcomparator' [C:/Users/Musta/Documents/GitHub/RISCV_SIM/Base/Base.srcs/sources_1/new/branchcomparator.v:3]
INFO: [Synth 8-6155] done synthesizing module 'branchcomparator' (0#1) [C:/Users/Musta/Documents/GitHub/RISCV_SIM/Base/Base.srcs/sources_1/new/branchcomparator.v:3]
WARNING: [Synth 8-7071] port 'Cout' of module 'adder' is unconnected for instance 'Adder3' [C:/Users/Musta/Documents/GitHub/RISCV_SIM/Base/Base.srcs/sources_1/new/processor.v:160]
WARNING: [Synth 8-7023] instance 'Adder3' of module 'adder' has 5 connections declared, but only 4 given [C:/Users/Musta/Documents/GitHub/RISCV_SIM/Base/Base.srcs/sources_1/new/processor.v:160]
INFO: [Synth 8-6155] done synthesizing module 'processor' (0#1) [C:/Users/Musta/Documents/GitHub/RISCV_SIM/Base/Base.srcs/sources_1/new/processor.v:3]
