Time resolution is 1 ps
-----------------------------------------
Cycle: -1  PC: 00003000
Stalls: dep_stall=0, ex_stall=0, mem_stall=0, id_br_stall=0, ex_br_stall=0, icache_r=1, dcache_r=1, jmp_pcmux=0
IF: V=0, PC=xxxxxxxx, IR=xxxxxxxx
ID: V=0, PC=xxxxxxxx, RS1=xxxxxxxx, RS2=xxxxxxxx, IMM=xxxxxxxx, RD=x
EX: V=0, PC=xxxxxxxx, ALU=xxxxxxxx, TA=xxxxxxxx, RD=x
MEM: V=0, PC=xxxxxxxx, ALU=xxxxxxxx, DATA=00000000, RD=x
R0=00000000 R1=00000000 R2=00000000 R3=00000000
R4=00000000 R5=00000000 R6=00000000 R7=00000000
R8=00000000 R9=00000000 R10=00000000 R11=00000000
R12=00000000 13=00000000 R14=00000000 R15=00000000
R16=00000000 R17=00000000 R18=00000000 R19=00000000
R20=00000000 R21=00000000 R22=00000000 R23=00000000
R24=00000000 R25=00000000 R26=00000000 R27=00000000
R28=00000000 R29=00000000 R30=00000000 R31=00000000
-----------------------------------------
Cycle: 0  PC: 00003004
Stalls: dep_stall=0, ex_stall=0, mem_stall=0, id_br_stall=0, ex_br_stall=0, icache_r=1, dcache_r=1, jmp_pcmux=0
IF: V=1, PC=00003000, IR=00000597
ID: V=0, PC=xxxxxxxx, RS1=00000000, RS2=00000000, IMM=xxxxxxxx, RD=x
EX: V=0, PC=xxxxxxxx, ALU=xxxxxxxx, TA=xxxxxxxx, RD=x
MEM: V=0, PC=xxxxxxxx, ALU=xxxxxxxx, DATA=00000000, RD=x
R0=00000000 R1=00000000 R2=00000000 R3=00000000
R4=00000000 R5=00000000 R6=00000000 R7=00000000
R8=00000000 R9=00000000 R10=00000000 R11=00000000
R12=00000000 13=00000000 R14=00000000 R15=00000000
R16=00000000 R17=00000000 R18=00000000 R19=00000000
R20=00000000 R21=00000000 R22=00000000 R23=00000000
R24=00000000 R25=00000000 R26=00000000 R27=00000000
R28=00000000 R29=00000000 R30=00000000 R31=00000000
-----------------------------------------
Cycle: 1  PC: 00003008
Stalls: dep_stall=0, ex_stall=0, mem_stall=0, id_br_stall=0, ex_br_stall=0, icache_r=1, dcache_r=1, jmp_pcmux=0
IF: V=1, PC=00003004, IR=0305a083
ID: V=1, PC=00003000, RS1=00000000, RS2=00000000, IMM=00000000, RD=11
EX: V=0, PC=xxxxxxxx, ALU=xxxxxxxx, TA=xxxxxxxx, RD=x
MEM: V=0, PC=xxxxxxxx, ALU=xxxxxxxx, DATA=00000000, RD=x
R0=00000000 R1=00000000 R2=00000000 R3=00000000
R4=00000000 R5=00000000 R6=00000000 R7=00000000
R8=00000000 R9=00000000 R10=00000000 R11=00000000
R12=00000000 13=00000000 R14=00000000 R15=00000000
R16=00000000 R17=00000000 R18=00000000 R19=00000000
R20=00000000 R21=00000000 R22=00000000 R23=00000000
R24=00000000 R25=00000000 R26=00000000 R27=00000000
R28=00000000 R29=00000000 R30=00000000 R31=00000000
-----------------------------------------
Cycle: 2  PC: 0000300c
Stalls: dep_stall=0, ex_stall=0, mem_stall=0, id_br_stall=0, ex_br_stall=0, icache_r=1, dcache_r=1, jmp_pcmux=0
IF: V=1, PC=00003008, IR=0345a103
ID: V=1, PC=00003004, RS1=00003000, RS2=00000000, IMM=00000030, RD=1
EX: V=1, PC=00003000, ALU=00003000, TA=00003000, RD=11
MEM: V=0, PC=xxxxxxxx, ALU=xxxxxxxx, DATA=00000000, RD=x
R0=00000000 R1=00000000 R2=00000000 R3=00000000
R4=00000000 R5=00000000 R6=00000000 R7=00000000
R8=00000000 R9=00000000 R10=00000000 R11=00000000
R12=00000000 13=00000000 R14=00000000 R15=00000000
R16=00000000 R17=00000000 R18=00000000 R19=00000000
R20=00000000 R21=00000000 R22=00000000 R23=00000000
R24=00000000 R25=00000000 R26=00000000 R27=00000000
R28=00000000 R29=00000000 R30=00000000 R31=00000000
-----------------------------------------
Cycle: 3  PC: 00003010
Stalls: dep_stall=0, ex_stall=0, mem_stall=0, id_br_stall=0, ex_br_stall=0, icache_r=1, dcache_r=1, jmp_pcmux=0
IF: V=1, PC=0000300c, IR=0385a183
ID: V=1, PC=00003008, RS1=00003000, RS2=00000000, IMM=00000034, RD=2
EX: V=1, PC=00003004, ALU=00003000, TA=00003030, RD=1
MEM: V=1, PC=00003000, ALU=00003000, DATA=00000000, RD=11
R0=00000000 R1=00000000 R2=00000000 R3=00000000
R4=00000000 R5=00000000 R6=00000000 R7=00000000
R8=00000000 R9=00000000 R10=00000000 R11=00000000
R12=00000000 13=00000000 R14=00000000 R15=00000000
R16=00000000 R17=00000000 R18=00000000 R19=00000000
R20=00000000 R21=00000000 R22=00000000 R23=00000000
R24=00000000 R25=00000000 R26=00000000 R27=00000000
R28=00000000 R29=00000000 R30=00000000 R31=00000000
-----------------------------------------
Cycle: 4  PC: 00003014
Stalls: dep_stall=0, ex_stall=0, mem_stall=0, id_br_stall=0, ex_br_stall=0, icache_r=1, dcache_r=1, jmp_pcmux=0
IF: V=1, PC=00003010, IR=03c5a203
ID: V=1, PC=0000300c, RS1=00003000, RS2=00000000, IMM=00000038, RD=3
EX: V=1, PC=00003008, ALU=00003000, TA=00003034, RD=2
MEM: V=1, PC=00003004, ALU=00003000, DATA=0000001f, RD=1
R0=00000000 R1=00000000 R2=00000000 R3=00000000
R4=00000000 R5=00000000 R6=00000000 R7=00000000
R8=00000000 R9=00000000 R10=00000000 R11=00003000
R12=00000000 13=00000000 R14=00000000 R15=00000000
R16=00000000 R17=00000000 R18=00000000 R19=00000000
R20=00000000 R21=00000000 R22=00000000 R23=00000000
R24=00000000 R25=00000000 R26=00000000 R27=00000000
R28=00000000 R29=00000000 R30=00000000 R31=00000000
-----------------------------------------
Cycle: 5  PC: 00003018
Stalls: dep_stall=0, ex_stall=0, mem_stall=0, id_br_stall=0, ex_br_stall=0, icache_r=1, dcache_r=1, jmp_pcmux=0
IF: V=1, PC=00003014, IR=0405a283
ID: V=1, PC=00003010, RS1=00003000, RS2=00000000, IMM=0000003c, RD=4
EX: V=1, PC=0000300c, ALU=00003000, TA=00003038, RD=3
MEM: V=1, PC=00003008, ALU=00003000, DATA=0000000c, RD=2
R0=00000000 R1=0000001f R2=00000000 R3=00000000
R4=00000000 R5=00000000 R6=00000000 R7=00000000
R8=00000000 R9=00000000 R10=00000000 R11=00003000
R12=00000000 13=00000000 R14=00000000 R15=00000000
R16=00000000 R17=00000000 R18=00000000 R19=00000000
R20=00000000 R21=00000000 R22=00000000 R23=00000000
R24=00000000 R25=00000000 R26=00000000 R27=00000000
R28=00000000 R29=00000000 R30=00000000 R31=00000000
-----------------------------------------
Cycle: 6  PC: 0000301c
Stalls: dep_stall=0, ex_stall=0, mem_stall=0, id_br_stall=0, ex_br_stall=0, icache_r=1, dcache_r=1, jmp_pcmux=0
IF: V=1, PC=00003018, IR=0445a303
ID: V=1, PC=00003014, RS1=00003000, RS2=00000000, IMM=00000040, RD=5
EX: V=1, PC=00003010, ALU=00003000, TA=0000303c, RD=4
MEM: V=1, PC=0000300c, ALU=00003000, DATA=fffffffa, RD=3
R0=00000000 R1=0000001f R2=0000000c R3=00000000
R4=00000000 R5=00000000 R6=00000000 R7=00000000
R8=00000000 R9=00000000 R10=00000000 R11=00003000
R12=00000000 13=00000000 R14=00000000 R15=00000000
R16=00000000 R17=00000000 R18=00000000 R19=00000000
R20=00000000 R21=00000000 R22=00000000 R23=00000000
R24=00000000 R25=00000000 R26=00000000 R27=00000000
R28=00000000 R29=00000000 R30=00000000 R31=00000000
-----------------------------------------
Cycle: 7  PC: 00003020
Stalls: dep_stall=0, ex_stall=0, mem_stall=0, id_br_stall=0, ex_br_stall=0, icache_r=1, dcache_r=1, jmp_pcmux=0
IF: V=1, PC=0000301c, IR=024083b3
ID: V=1, PC=00003018, RS1=00003000, RS2=00003000, IMM=00000044, RD=6
EX: V=1, PC=00003014, ALU=00003000, TA=00003040, RD=5
MEM: V=1, PC=00003010, ALU=00003000, DATA=00000023, RD=4
R0=00000000 R1=0000001f R2=0000000c R3=fffffffa
R4=00000000 R5=00000000 R6=00000000 R7=00000000
R8=00000000 R9=00000000 R10=00000000 R11=00003000
R12=00000000 13=00000000 R14=00000000 R15=00000000
R16=00000000 R17=00000000 R18=00000000 R19=00000000
R20=00000000 R21=00000000 R22=00000000 R23=00000000
R24=00000000 R25=00000000 R26=00000000 R27=00000000
R28=00000000 R29=00000000 R30=00000000 R31=00000000
-----------------------------------------
Cycle: 8  PC: 00003024
Stalls: dep_stall=0, ex_stall=0, mem_stall=0, id_br_stall=0, ex_br_stall=0, icache_r=1, dcache_r=1, jmp_pcmux=0
IF: V=1, PC=00003020, IR=02510433
ID: V=1, PC=0000301c, RS1=0000001f, RS2=00000023, IMM=00000000, RD=7
EX: V=1, PC=00003018, ALU=00006000, TA=00003044, RD=6
MEM: V=1, PC=00003014, ALU=00003000, DATA=fffffff1, RD=5
R0=00000000 R1=0000001f R2=0000000c R3=fffffffa
R4=00000023 R5=00000000 R6=00000000 R7=00000000
R8=00000000 R9=00000000 R10=00000000 R11=00003000
R12=00000000 13=00000000 R14=00000000 R15=00000000
R16=00000000 R17=00000000 R18=00000000 R19=00000000
R20=00000000 R21=00000000 R22=00000000 R23=00000000
R24=00000000 R25=00000000 R26=00000000 R27=00000000
R28=00000000 R29=00000000 R30=00000000 R31=00000000
-----------------------------------------
Cycle: 9  PC: 00003028
Stalls: dep_stall=0, ex_stall=0, mem_stall=0, id_br_stall=0, ex_br_stall=0, icache_r=1, dcache_r=1, jmp_pcmux=0
IF: V=1, PC=00003024, IR=026184b3
ID: V=1, PC=00003020, RS1=0000000c, RS2=fffffff1, IMM=00000000, RD=8
EX: V=1, PC=0000301c, ALU=00000000, TA=0000301c, RD=7
MEM: V=1, PC=00003018, ALU=00006000, DATA=00000027, RD=6
R0=00000000 R1=0000001f R2=0000000c R3=fffffffa
R4=00000023 R5=fffffff1 R6=00000000 R7=00000000
R8=00000000 R9=00000000 R10=00000000 R11=00003000
R12=00000000 13=00000000 R14=00000000 R15=00000000
R16=00000000 R17=00000000 R18=00000000 R19=00000000
R20=00000000 R21=00000000 R22=00000000 R23=00000000
R24=00000000 R25=00000000 R26=00000000 R27=00000000
R28=00000000 R29=00000000 R30=00000000 R31=00000000
-----------------------------------------
Cycle: 10  PC: 0000302c
Stalls: dep_stall=1, ex_stall=0, mem_stall=0, id_br_stall=0, ex_br_stall=0, icache_r=1, dcache_r=1, jmp_pcmux=0
IF: V=1, PC=00003028, IR=00740533
ID: V=1, PC=00003024, RS1=fffffffa, RS2=00000027, IMM=00000000, RD=9
EX: V=1, PC=00003020, ALU=00000000, TA=00003020, RD=8
MEM: V=1, PC=0000301c, ALU=00000000, DATA=00000000, RD=7
R0=00000000 R1=0000001f R2=0000000c R3=fffffffa
R4=00000023 R5=fffffff1 R6=00000027 R7=00000000
R8=00000000 R9=00000000 R10=00000000 R11=00003000
R12=00000000 13=00000000 R14=00000000 R15=00000000
R16=00000000 R17=00000000 R18=00000000 R19=00000000
R20=00000000 R21=00000000 R22=00000000 R23=00000000
R24=00000000 R25=00000000 R26=00000000 R27=00000000
R28=00000000 R29=00000000 R30=00000000 R31=00000000
-----------------------------------------
Cycle: 11  PC: 0000302c
Stalls: dep_stall=0, ex_stall=0, mem_stall=0, id_br_stall=0, ex_br_stall=0, icache_r=1, dcache_r=1, jmp_pcmux=0
IF: V=1, PC=00003028, IR=00740533
ID: V=0, PC=00003028, RS1=00000000, RS2=00000000, IMM=00000000, RD=10
EX: V=1, PC=00003024, ALU=00000000, TA=00003024, RD=9
MEM: V=1, PC=00003020, ALU=00000000, DATA=00000000, RD=8
R0=00000000 R1=0000001f R2=0000000c R3=fffffffa
R4=00000023 R5=fffffff1 R6=00000027 R7=00000000
R8=00000000 R9=00000000 R10=00000000 R11=00003000
R12=00000000 13=00000000 R14=00000000 R15=00000000
R16=00000000 R17=00000000 R18=00000000 R19=00000000
R20=00000000 R21=00000000 R22=00000000 R23=00000000
R24=00000000 R25=00000000 R26=00000000 R27=00000000
R28=00000000 R29=00000000 R30=00000000 R31=00000000
-----------------------------------------
Cycle: 12  PC: 00003030
Stalls: dep_stall=0, ex_stall=0, mem_stall=0, id_br_stall=0, ex_br_stall=0, icache_r=1, dcache_r=1, jmp_pcmux=0
IF: V=1, PC=0000302c, IR=00a48533
ID: V=1, PC=00003028, RS1=00000000, RS2=00000000, IMM=00000000, RD=10
EX: V=0, PC=00003028, ALU=00000000, TA=00003028, RD=10
MEM: V=1, PC=00003024, ALU=00000000, DATA=00000000, RD=9
R0=00000000 R1=0000001f R2=0000000c R3=fffffffa
R4=00000023 R5=fffffff1 R6=00000027 R7=00000000
R8=00000000 R9=00000000 R10=00000000 R11=00003000
R12=00000000 13=00000000 R14=00000000 R15=00000000
R16=00000000 R17=00000000 R18=00000000 R19=00000000
R20=00000000 R21=00000000 R22=00000000 R23=00000000
R24=00000000 R25=00000000 R26=00000000 R27=00000000
R28=00000000 R29=00000000 R30=00000000 R31=00000000
-----------------------------------------
Cycle: 13  PC: 00003034
Stalls: dep_stall=0, ex_stall=0, mem_stall=0, id_br_stall=0, ex_br_stall=0, icache_r=1, dcache_r=1, jmp_pcmux=0
IF: V=1, PC=00003030, IR=0000001f
ID: V=1, PC=0000302c, RS1=00000000, RS2=00000000, IMM=00000000, RD=10
EX: V=1, PC=00003028, ALU=00000000, TA=00003028, RD=10
MEM: V=0, PC=00003028, ALU=00000000, DATA=00000000, RD=10
R0=00000000 R1=0000001f R2=0000000c R3=fffffffa
R4=00000023 R5=fffffff1 R6=00000027 R7=00000000
R8=00000000 R9=00000000 R10=00000000 R11=00003000
R12=00000000 13=00000000 R14=00000000 R15=00000000
R16=00000000 R17=00000000 R18=00000000 R19=00000000
R20=00000000 R21=00000000 R22=00000000 R23=00000000
R24=00000000 R25=00000000 R26=00000000 R27=00000000
R28=00000000 R29=00000000 R30=00000000 R31=00000000
-----------------------------------------
Cycle: 14  PC: 00003038
Stalls: dep_stall=0, ex_stall=0, mem_stall=0, id_br_stall=1, ex_br_stall=0, icache_r=1, dcache_r=1, jmp_pcmux=0
IF: V=1, PC=00003034, IR=0000000c
ID: V=1, PC=00003030, RS1=00000000, RS2=00000000, IMM=00000000, RD=0
EX: V=1, PC=0000302c, ALU=00000000, TA=0000302c, RD=10
MEM: V=1, PC=00003028, ALU=00000000, DATA=00000000, RD=10
R0=00000000 R1=0000001f R2=0000000c R3=fffffffa
R4=00000023 R5=fffffff1 R6=00000027 R7=00000000
R8=00000000 R9=00000000 R10=00000000 R11=00003000
R12=00000000 13=00000000 R14=00000000 R15=00000000
R16=00000000 R17=00000000 R18=00000000 R19=00000000
R20=00000000 R21=00000000 R22=00000000 R23=00000000
R24=00000000 R25=00000000 R26=00000000 R27=00000000
R28=00000000 R29=00000000 R30=00000000 R31=00000000
-----------------------------------------
Cycle: 15  PC: 00003038
Stalls: dep_stall=0, ex_stall=0, mem_stall=0, id_br_stall=0, ex_br_stall=1, icache_r=1, dcache_r=1, jmp_pcmux=1
IF: V=0, PC=00003038, IR=fffffffa
ID: V=1, PC=00003034, RS1=00003030, RS2=00003030, IMM=00000000, RD=0
EX: V=1, PC=00003030, ALU=00003030, TA=00003030, RD=0
MEM: V=1, PC=0000302c, ALU=00000000, DATA=00000000, RD=10
R0=00000000 R1=0000001f R2=0000000c R3=fffffffa
R4=00000023 R5=fffffff1 R6=00000027 R7=00000000
R8=00000000 R9=00000000 R10=00000000 R11=00003000
R12=00000000 13=00000000 R14=00000000 R15=00000000
R16=00000000 R17=00000000 R18=00000000 R19=00000000
R20=00000000 R21=00000000 R22=00000000 R23=00000000
R24=00000000 R25=00000000 R26=00000000 R27=00000000
R28=00000000 R29=00000000 R30=00000000 R31=00000000
-----------------------------------------
Cycle: 16  PC: 00003034
Stalls: dep_stall=0, ex_stall=0, mem_stall=0, id_br_stall=0, ex_br_stall=0, icache_r=1, dcache_r=1, jmp_pcmux=0
IF: V=0, PC=00003038, IR=fffffffa
ID: V=0, PC=00003038, RS1=00000000, RS2=00000000, IMM=00000000, RD=31
EX: V=1, PC=00003034, ALU=00006060, TA=00003034, RD=0
MEM: V=1, PC=00003030, ALU=00003030, DATA=00000000, RD=0
R0=00000000 R1=0000001f R2=0000000c R3=fffffffa
R4=00000023 R5=fffffff1 R6=00000027 R7=00000000
R8=00000000 R9=00000000 R10=00000000 R11=00003000
R12=00000000 13=00000000 R14=00000000 R15=00000000
R16=00000000 R17=00000000 R18=00000000 R19=00000000
R20=00000000 R21=00000000 R22=00000000 R23=00000000
R24=00000000 R25=00000000 R26=00000000 R27=00000000
R28=00000000 R29=00000000 R30=00000000 R31=00000000
-----------------------------------------
Cycle: 17  PC: 00003038
Stalls: dep_stall=1, ex_stall=0, mem_stall=0, id_br_stall=1, ex_br_stall=0, icache_r=1, dcache_r=1, jmp_pcmux=0
IF: V=1, PC=00003034, IR=0000000c
ID: V=0, PC=00003038, RS1=00000000, RS2=00000000, IMM=00000000, RD=31
EX: V=0, PC=00003038, ALU=00000000, TA=00003038, RD=31
MEM: V=1, PC=00003034, ALU=00006060, DATA=00000000, RD=0
R0=00003030 R1=0000001f R2=0000000c R3=fffffffa
R4=00000023 R5=fffffff1 R6=00000027 R7=00000000
R8=00000000 R9=00000000 R10=00000000 R11=00003000
R12=00000000 13=00000000 R14=00000000 R15=00000000
R16=00000000 R17=00000000 R18=00000000 R19=00000000
R20=00000000 R21=00000000 R22=00000000 R23=00000000
R24=00000000 R25=00000000 R26=00000000 R27=00000000
R28=00000000 R29=00000000 R30=00000000 R31=00000000
-----------------------------------------
Cycle: 18  PC: 00003038
Stalls: dep_stall=0, ex_stall=0, mem_stall=0, id_br_stall=1, ex_br_stall=0, icache_r=1, dcache_r=1, jmp_pcmux=0
IF: V=1, PC=00003034, IR=0000000c
ID: V=0, PC=00003034, RS1=00003038, RS2=00003038, IMM=00000000, RD=0
EX: V=0, PC=00003038, ALU=00000000, TA=00003038, RD=31
MEM: V=0, PC=00003038, ALU=00000000, DATA=00000000, RD=31
R0=00003038 R1=0000001f R2=0000000c R3=fffffffa
R4=00000023 R5=fffffff1 R6=00000027 R7=00000000
R8=00000000 R9=00000000 R10=00000000 R11=00003000
R12=00000000 13=00000000 R14=00000000 R15=00000000
R16=00000000 R17=00000000 R18=00000000 R19=00000000
R20=00000000 R21=00000000 R22=00000000 R23=00000000
R24=00000000 R25=00000000 R26=00000000 R27=00000000
R28=00000000 R29=00000000 R30=00000000 R31=00000000
-----------------------------------------
Cycle: 19  PC: 00003038
Stalls: dep_stall=0, ex_stall=0, mem_stall=0, id_br_stall=0, ex_br_stall=1, icache_r=1, dcache_r=1, jmp_pcmux=1
IF: V=0, PC=00003038, IR=fffffffa
ID: V=1, PC=00003034, RS1=00003038, RS2=00003038, IMM=00000000, RD=0
EX: V=0, PC=00003034, ALU=00006070, TA=00003034, RD=0
MEM: V=0, PC=00003038, ALU=00000000, DATA=00000000, RD=31
R0=00003038 R1=0000001f R2=0000000c R3=fffffffa
R4=00000023 R5=fffffff1 R6=00000027 R7=00000000
R8=00000000 R9=00000000 R10=00000000 R11=00003000
R12=00000000 13=00000000 R14=00000000 R15=00000000
R16=00000000 R17=00000000 R18=00000000 R19=00000000
R20=00000000 R21=00000000 R22=00000000 R23=00000000
R24=00000000 R25=00000000 R26=00000000 R27=00000000
R28=00000000 R29=00000000 R30=00000000 R31=00000000
-----------------------------------------
Cycle: 20  PC: 00003034
Stalls: dep_stall=0, ex_stall=0, mem_stall=0, id_br_stall=0, ex_br_stall=0, icache_r=1, dcache_r=1, jmp_pcmux=0
IF: V=0, PC=00003038, IR=fffffffa
ID: V=0, PC=00003038, RS1=00000000, RS2=00000000, IMM=00000000, RD=31
EX: V=1, PC=00003034, ALU=00006070, TA=00003034, RD=0
MEM: V=0, PC=00003034, ALU=00006070, DATA=00000000, RD=0
R0=00003038 R1=0000001f R2=0000000c R3=fffffffa
R4=00000023 R5=fffffff1 R6=00000027 R7=00000000
R8=00000000 R9=00000000 R10=00000000 R11=00003000
R12=00000000 13=00000000 R14=00000000 R15=00000000
R16=00000000 R17=00000000 R18=00000000 R19=00000000
R20=00000000 R21=00000000 R22=00000000 R23=00000000
R24=00000000 R25=00000000 R26=00000000 R27=00000000
R28=00000000 R29=00000000 R30=00000000 R31=00000000
-----------------------------------------
Cycle: 21  PC: 00003038
Stalls: dep_stall=1, ex_stall=0, mem_stall=0, id_br_stall=1, ex_br_stall=0, icache_r=1, dcache_r=1, jmp_pcmux=0
IF: V=1, PC=00003034, IR=0000000c
ID: V=0, PC=00003038, RS1=00000000, RS2=00000000, IMM=00000000, RD=31
EX: V=0, PC=00003038, ALU=00000000, TA=00003038, RD=31
MEM: V=1, PC=00003034, ALU=00006070, DATA=00000000, RD=0
R0=00003038 R1=0000001f R2=0000000c R3=fffffffa
R4=00000023 R5=fffffff1 R6=00000027 R7=00000000
R8=00000000 R9=00000000 R10=00000000 R11=00003000
R12=00000000 13=00000000 R14=00000000 R15=00000000
R16=00000000 R17=00000000 R18=00000000 R19=00000000
R20=00000000 R21=00000000 R22=00000000 R23=00000000
R24=00000000 R25=00000000 R26=00000000 R27=00000000
R28=00000000 R29=00000000 R30=00000000 R31=00000000
-----------------------------------------
Cycle: 22  PC: 00003038
Stalls: dep_stall=0, ex_stall=0, mem_stall=0, id_br_stall=1, ex_br_stall=0, icache_r=1, dcache_r=1, jmp_pcmux=0
IF: V=1, PC=00003034, IR=0000000c
ID: V=0, PC=00003034, RS1=00003038, RS2=00003038, IMM=00000000, RD=0
EX: V=0, PC=00003038, ALU=00000000, TA=00003038, RD=31
MEM: V=0, PC=00003038, ALU=00000000, DATA=00000000, RD=31
R0=00003038 R1=0000001f R2=0000000c R3=fffffffa
R4=00000023 R5=fffffff1 R6=00000027 R7=00000000
R8=00000000 R9=00000000 R10=00000000 R11=00003000
R12=00000000 13=00000000 R14=00000000 R15=00000000
R16=00000000 R17=00000000 R18=00000000 R19=00000000
R20=00000000 R21=00000000 R22=00000000 R23=00000000
R24=00000000 R25=00000000 R26=00000000 R27=00000000
R28=00000000 R29=00000000 R30=00000000 R31=00000000
-----------------------------------------
Cycle: 23  PC: 00003038
Stalls: dep_stall=0, ex_stall=0, mem_stall=0, id_br_stall=0, ex_br_stall=1, icache_r=1, dcache_r=1, jmp_pcmux=1
IF: V=0, PC=00003038, IR=fffffffa
ID: V=1, PC=00003034, RS1=00003038, RS2=00003038, IMM=00000000, RD=0
EX: V=0, PC=00003034, ALU=00006070, TA=00003034, RD=0
MEM: V=0, PC=00003038, ALU=00000000, DATA=00000000, RD=31
R0=00003038 R1=0000001f R2=0000000c R3=fffffffa
R4=00000023 R5=fffffff1 R6=00000027 R7=00000000
R8=00000000 R9=00000000 R10=00000000 R11=00003000
R12=00000000 13=00000000 R14=00000000 R15=00000000
R16=00000000 R17=00000000 R18=00000000 R19=00000000
R20=00000000 R21=00000000 R22=00000000 R23=00000000
R24=00000000 R25=00000000 R26=00000000 R27=00000000
R28=00000000 R29=00000000 R30=00000000 R31=00000000
-----------------------------------------
Cycle: 24  PC: 00003034
Stalls: dep_stall=0, ex_stall=0, mem_stall=0, id_br_stall=0, ex_br_stall=0, icache_r=1, dcache_r=1, jmp_pcmux=0
IF: V=0, PC=00003038, IR=fffffffa
ID: V=0, PC=00003038, RS1=00000000, RS2=00000000, IMM=00000000, RD=31
EX: V=1, PC=00003034, ALU=00006070, TA=00003034, RD=0
MEM: V=0, PC=00003034, ALU=00006070, DATA=00000000, RD=0
R0=00003038 R1=0000001f R2=0000000c R3=fffffffa
R4=00000023 R5=fffffff1 R6=00000027 R7=00000000
R8=00000000 R9=00000000 R10=